# serializer version: 1
# name: test_metrics
  dict({
    1: dict({
      'monitor_cert_days_remaining': 80,
      'monitor_cert_is_valid': True,
      'monitor_hostname': None,
      'monitor_id': 1,
      'monitor_name': 'Home Assistant',
      'monitor_port': None,
      'monitor_response_time': 85,
      'monitor_response_time_seconds_1d': 0.10396079958463136,
      'monitor_response_time_seconds_30d': 0.10284582478851578,
      'monitor_response_time_seconds_365d': 0.10957428212662089,
      'monitor_status': 1,
      'monitor_tags': list([
      ]),
      'monitor_type': 'http',
      'monitor_uptime_ratio_1d': 1.0,
      'monitor_uptime_ratio_30d': 0.999247554552295,
      'monitor_uptime_ratio_365d': 0.9944324016912971,
      'monitor_url': 'https://home.example.com:8123',
    }),
    2: dict({
      'monitor_cert_days_remaining': 80,
      'monitor_cert_is_valid': True,
      'monitor_hostname': None,
      'monitor_id': 2,
      'monitor_name': 'FritzBox',
      'monitor_port': None,
      'monitor_response_time': 2725,
      'monitor_response_time_seconds_1d': 2.339521038961039,
      'monitor_response_time_seconds_30d': 2.3636583723629956,
      'monitor_response_time_seconds_365d': 2.3783335690116663,
      'monitor_status': 1,
      'monitor_tags': list([
      ]),
      'monitor_type': 'http',
      'monitor_uptime_ratio_1d': 0.9992213859330392,
      'monitor_uptime_ratio_30d': 0.9998319004850872,
      'monitor_uptime_ratio_365d': 0.9947252084798553,
      'monitor_url': 'https://home.example.com',
    }),
    3: dict({
      'monitor_cert_days_remaining': 46,
      'monitor_cert_is_valid': True,
      'monitor_hostname': None,
      'monitor_id': 3,
      'monitor_name': 'Jellyfin',
      'monitor_port': None,
      'monitor_response_time': 85,
      'monitor_response_time_seconds_1d': 0.10102960288808664,
      'monitor_response_time_seconds_30d': 0.09908259629443207,
      'monitor_response_time_seconds_365d': 0.10429958790526786,
      'monitor_status': 1,
      'monitor_tags': list([
        'Test',
        'Zuhause',
      ]),
      'monitor_type': 'keyword',
      'monitor_uptime_ratio_1d': 1.0,
      'monitor_uptime_ratio_30d': 0.9993293252532994,
      'monitor_uptime_ratio_365d': 0.9941631600380073,
      'monitor_url': 'https://home.example.com:8920/health',
    }),
    8: dict({
      'monitor_cert_days_remaining': 81,
      'monitor_cert_is_valid': True,
      'monitor_hostname': None,
      'monitor_id': 8,
      'monitor_name': 'Nextcloud',
      'monitor_port': None,
      'monitor_response_time': 150,
      'monitor_response_time_seconds_1d': 0.16155477855477854,
      'monitor_response_time_seconds_30d': 0.3391915450984161,
      'monitor_response_time_seconds_365d': 0.34379255863250385,
      'monitor_status': 1,
      'monitor_tags': list([
      ]),
      'monitor_type': 'json-query',
      'monitor_uptime_ratio_1d': 1.0,
      'monitor_uptime_ratio_30d': 0.9991115593334294,
      'monitor_uptime_ratio_365d': 0.9994703389830508,
      'monitor_url': 'https://cloud.example.com/ocs/v2.php/apps/serverinfo/api/v1/info?format=json',
    }),
    9: dict({
      'monitor_cert_days_remaining': None,
      'monitor_cert_is_valid': None,
      'monitor_hostname': None,
      'monitor_id': 9,
      'monitor_name': 'Proxy',
      'monitor_port': None,
      'monitor_response_time': 19,
      'monitor_response_time_seconds_1d': 0.032,
      'monitor_response_time_seconds_30d': 0.032,
      'monitor_response_time_seconds_365d': 0.032,
      'monitor_status': 1,
      'monitor_tags': list([
      ]),
      'monitor_type': 'unknown',
      'monitor_uptime_ratio_1d': 0.6666666666666666,
      'monitor_uptime_ratio_30d': 0.6666666666666666,
      'monitor_uptime_ratio_365d': 0.6666666666666666,
      'monitor_url': 'https://',
    }),
  })
# ---
